
> daodao-rv-backend@1.0.0 test
> jest --verbose

node.exe : ts-jest[ts-jest-transformer] (WARN) Define `ts-jest` config under `globals` is deprecated. Please do
所在位置 行:1 字符: 1
+ & "C:\Program Files\nodejs/node.exe" "C:\Program Files\nodejs/node_mo ...
+ ~~~~~~~~~~~~~~~~~~~~~~~~~~~~~~~~~~~~~~~~~~~~~~~~~~~~~~~~~~~~~~~~~~~~~
    + CategoryInfo          : NotSpecified: (ts-jest[ts-jest...ated. Please do:String) [], RemoteException
    + FullyQualifiedErrorId : NativeCommandError
 
transform: {
    <transform_regex>: ['ts-jest', { /* ts-jest config goes here in Jest */ }],
},
See more at https://kulshekhar.github.io/ts-jest/docs/getting-started/presets#advanced
Sun, 26 Oct 2025 03:47:38 GMT koa deprecated Support for generators will be removed in v3. See the documentation for examples of how to convert old midd
leware https://github.com/koajs/koa/blob/master/docs/migration.md at src\app.ts:29:5
  console.log
    馃И 娴嬭瘯鐜鍒濆鍖?..

      at Object.<anonymous> (tests/setup.ts:52:11)

  console.log
    鉁?娴嬭瘯鏁版嵁搴撹繛鎺ュ凡寤虹珛

      at Object.<anonymous> (tests/setup.ts:57:13)

^C
