
> daodao-rv-backend@1.0.0 test
> jest payment-performance.test.ts --verbose

node.exe : ts-jest[ts-jest-transformer] (WARN) Define `ts-jest` config under `globals` is deprecated. Please do
所在位置 行:1 字符: 1
+ & "C:\Program Files\nodejs/node.exe" "C:\Program Files\nodejs/node_mo ...
+ ~~~~~~~~~~~~~~~~~~~~~~~~~~~~~~~~~~~~~~~~~~~~~~~~~~~~~~~~~~~~~~~~~~~~~
    + CategoryInfo          : NotSpecified: (ts-jest[ts-jest...ated. Please do:String) [], RemoteException
    + FullyQualifiedErrorId : NativeCommandError
 
transform: {
    <transform_regex>: ['ts-jest', { /* ts-jest config goes here in Jest */ }],
},
See more at https://kulshekhar.github.io/ts-jest/docs/getting-started/presets#advanced
Sun, 26 Oct 2025 10:32:23 GMT koa deprecated Support for generators will be removed in v3. See the documentation for examples of how to convert old midd
leware https://github.com/koajs/koa/blob/master/docs/migration.md at src\app.ts:30:5
  console.log
    馃И 娴嬭瘯鐜鍒濆鍖?..

      at Object.<anonymous> (tests/setup.ts:52:11)

  console.log
    鉁?娴嬭瘯鏁版嵁搴撹繛鎺ュ凡寤虹珛

      at Object.<anonymous> (tests/setup.ts:57:13)

  console.log
    鉁?娴嬭瘯鏁版嵁搴撳凡娓呯悊

      at Object.<anonymous> (tests/setup.ts:62:11)

2025-10-26 18:32:25 [[32MINFO[39M]: 鐢ㄦ埛鐧诲綍璇锋眰: 13800000000
2025-10-26 18:32:25 [[33MWARN[39M]: 鐧诲綍澶辫触: 鐢ㄦ埛涓嶅瓨鍦?- 13800000000
2025-10-26 18:32:25 [[31MERROR[39M]: 鐢ㄦ埛鐧诲綍澶辫触: 13800000000 鐢ㄦ埛涓嶅瓨鍦?Error: 鐢ㄦ埛涓嶅瓨鍦?    at AuthService.login (D:\daodao\daodaorv01\backend\src\services\auth.service.ts:118:15)
    at processTicksAndRejections (node:internal/process/task_queues:105:5)
    at AuthController.login (D:\daodao\daodaorv01\backend\src\controllers\auth.controller.ts:56:22)
2025-10-26 18:32:25 [[33MWARN[39M]: POST /api/auth/login - 404 - 118ms
2025-10-26 18:32:25 [[32MINFO[39M]: 鐢ㄦ埛娉ㄥ唽璇锋眰: 13800000000
2025-10-26 18:32:25 [[32MINFO[39M]: 鐢ㄦ埛娉ㄥ唽鎴愬姛: c3e5cd4f-5a42-452f-b79c-890169a6a7ec - 13800000000
2025-10-26 18:32:25 [[32MINFO[39M]: POST /api/auth/register - 200 - 200ms
2025-10-26 18:32:25 [[33MWARN[39M]: POST /api/admin/vehicle-models - 400 - 9ms
  console.log
    馃敡 娴嬭瘯鐜娓呯悊涓?..

      at Object.<anonymous> (tests/setup.ts:73:11)

  console.log
    鉁?娴嬭瘯鏁版嵁搴撳凡娓呯悊

      at Object.<anonymous> (tests/setup.ts:77:11)

  console.log
    鉁?娴嬭瘯鏁版嵁搴撹繛鎺ュ凡鍏抽棴

      at Object.<anonymous> (tests/setup.ts:81:13)

  console.log
    鉁?娴嬭瘯鐜娓呯悊瀹屾垚

      at Object.<anonymous> (tests/setup.ts:84:11)

FAIL tests/payment-performance.test.ts (9.474 s)
  鏀粯鎬ц兘娴嬭瘯
    閽卞寘浣欓骞跺彂鎵ｅ噺娴嬭瘯
      脳 10涓苟鍙戞敮浠樿姹?- 楠岃瘉浣欓姝ｇ‘鎬?(1 ms)
      脳 20涓苟鍙戞敮浠樿姹?- 閮ㄥ垎鎴愬姛閮ㄥ垎澶辫触锛堜綑棰濅笉瓒筹級
    鏀粯鍥炶皟澶勭悊鎬ц兘娴嬭瘯
      脳 妯℃嫙 10 涓苟鍙戞敮浠樺洖璋?
  鈼?鏀粯鎬ц兘娴嬭瘯 鈥?閽卞寘浣欓骞跺彂鎵ｅ噺娴嬭瘯 鈥?10涓苟鍙戞敮浠樿姹?- 楠岃瘉浣欓姝ｇ‘鎬?
    expected 200 "OK", got 400 "Bad Request"

    [0m [90m 48 |[39m         features[33m:[39m [33mJSON[39m[33m.[39mstringify([[32m'娴嬭瘯鍔熻兘'[39m])[33m,[39m
     [90m 49 |[39m       })
    [31m[1m>[22m[39m[90m 50 |[39m       [33m.[39mexpect([35m200[39m)[33m;[39m
     [90m    |[39m        [31m[1m^[22m[39m
     [90m 51 |[39m
     [90m 52 |[39m     vehicleModelId [33m=[39m vehicleModelResponse[33m.[39mbody[33m.[39mdata[33m.[39mid[33m;[39m
     [90m 53 |[39m   })[33m;[39m[0m

      at Object.<anonymous> (tests/payment-performance.test.ts:50:8)
      ----
      at Test._assertStatus (node_modules/supertest/lib/test.js:309:14)
      at node_modules/supertest/lib/test.js:365:13
      at Test._assertFunction (node_modules/supertest/lib/test.js:342:13)
      at Test.assert (node_modules/supertest/lib/test.js:195:23)
      at localAssert (node_modules/supertest/lib/test.js:138:14)
      at Server.<anonymous> (node_modules/supertest/lib/test.js:152:11)

  鈼?鏀粯鎬ц兘娴嬭瘯 鈥?閽卞寘浣欓骞跺彂鎵ｅ噺娴嬭瘯 鈥?20涓苟鍙戞敮浠樿姹?- 閮ㄥ垎鎴愬姛閮ㄥ垎澶辫触锛堜綑棰濅笉瓒筹級

    expected 200 "OK", got 400 "Bad Request"

    [0m [90m 48 |[39m         features[33m:[39m [33mJSON[39m[33m.[39mstringify([[32m'娴嬭瘯鍔熻兘'[39m])[33m,[39m
     [90m 49 |[39m       })
    [31m[1m>[22m[39m[90m 50 |[39m       [33m.[39mexpect([35m200[39m)[33m;[39m
     [90m    |[39m        [31m[1m^[22m[39m
     [90m 51 |[39m
     [90m 52 |[39m     vehicleModelId [33m=[39m vehicleModelResponse[33m.[39mbody[33m.[39mdata[33m.[39mid[33m;[39m
     [90m 53 |[39m   })[33m;[39m[0m

      at Object.<anonymous> (tests/payment-performance.test.ts:50:8)
      ----
      at Test._assertStatus (node_modules/supertest/lib/test.js:309:14)
      at node_modules/supertest/lib/test.js:365:13
      at Test._assertFunction (node_modules/supertest/lib/test.js:342:13)
      at Test.assert (node_modules/supertest/lib/test.js:195:23)
      at localAssert (node_modules/supertest/lib/test.js:138:14)
      at Server.<anonymous> (node_modules/supertest/lib/test.js:152:11)

  鈼?鏀粯鎬ц兘娴嬭瘯 鈥?鏀粯鍥炶皟澶勭悊鎬ц兘娴嬭瘯 鈥?妯℃嫙 10 涓苟鍙戞敮浠樺洖璋?
    expected 200 "OK", got 400 "Bad Request"

    [0m [90m 48 |[39m         features[33m:[39m [33mJSON[39m[33m.[39mstringify([[32m'娴嬭瘯鍔熻兘'[39m])[33m,[39m
     [90m 49 |[39m       })
    [31m[1m>[22m[39m[90m 50 |[39m       [33m.[39mexpect([35m200[39m)[33m;[39m
     [90m    |[39m        [31m[1m^[22m[39m
     [90m 51 |[39m
     [90m 52 |[39m     vehicleModelId [33m=[39m vehicleModelResponse[33m.[39mbody[33m.[39mdata[33m.[39mid[33m;[39m
     [90m 53 |[39m   })[33m;[39m[0m

      at Object.<anonymous> (tests/payment-performance.test.ts:50:8)
      ----
      at Test._assertStatus (node_modules/supertest/lib/test.js:309:14)
      at node_modules/supertest/lib/test.js:365:13
      at Test._assertFunction (node_modules/supertest/lib/test.js:342:13)
      at Test.assert (node_modules/supertest/lib/test.js:195:23)
      at localAssert (node_modules/supertest/lib/test.js:138:14)
      at Server.<anonymous> (node_modules/supertest/lib/test.js:152:11)

Test Suites: 1 failed, 1 total
Tests:       3 failed, 3 total
Snapshots:   0 total
Time:        9.882 s, estimated 12 s
Ran all test suites matching /payment-performance.test.ts/i.
